// Jest Snapshot v1, https://goo.gl/fbAQLP

exports[`CharacterCard should match snapshot with all information passing in correctly 1`] = `
<section>
  <h2>
    Leia
  </h2>
  <p>
    Homeworld: 
    Alderan
  </p>
  <p>
    Population: 
    200000000000
  </p>
  <p>
    Species: 
    Human
  </p>
  <p>
    Seen in:
    The Empire Strikes Back
    Revenge of the Sith
    Return of the Jedi
  </p>
</section>
`;
